`torch_dtype` is deprecated! Use `dtype` instead!
======================================================================
TEACHER-STUDENT AIGCBENCHMARK EVALUATION
Model path: blur_generalization_suite/outputs/teacher_student/aimv2-large-patch14-224_sdv14_teacher_student_blur01/best_student_model.pth
Branch: student
Missing keys: 237 | Unexpected keys: 0
======================================================================

Testing dataset: dalle2
  [no_blur] Batch 10/16
  no_blur: acc=0.6998, bacc=0.7000, f1=0.5940
  [global] Batch 10/16
  global: acc=0.5913, bacc=0.5915, f1=0.3652

Testing dataset: midjourney
  [no_blur] Batch 10/94
  [no_blur] Batch 20/94
  [no_blur] Batch 30/94
  [no_blur] Batch 40/94
  [no_blur] Batch 50/94
  [no_blur] Batch 60/94
  [no_blur] Batch 70/94
  [no_blur] Batch 80/94
  [no_blur] Batch 90/94
  no_blur: acc=0.7798, bacc=0.7798, f1=0.7273
  [global] Batch 10/94
  [global] Batch 20/94
  [global] Batch 30/94
  [global] Batch 40/94
  [global] Batch 50/94
  [global] Batch 60/94
  [global] Batch 70/94
  [global] Batch 80/94
  [global] Batch 90/94
  global: acc=0.6938, bacc=0.6938, f1=0.5962

Testing dataset: sd-xl
  [no_blur] Batch 10/32
  [no_blur] Batch 20/32
  [no_blur] Batch 30/32
  no_blur: acc=0.7885, bacc=0.7885, f1=0.7374
  [global] Batch 10/32
  [global] Batch 20/32
  [global] Batch 30/32
  global: acc=0.6623, bacc=0.6623, f1=0.5177

Testing dataset: wukong
  [no_blur] Batch 10/94
  [no_blur] Batch 20/94
  [no_blur] Batch 30/94
  [no_blur] Batch 40/94
  [no_blur] Batch 50/94
  [no_blur] Batch 60/94
  [no_blur] Batch 70/94
  [no_blur] Batch 80/94
  [no_blur] Batch 90/94
  no_blur: acc=0.9357, bacc=0.9357, f1=0.9332
  [global] Batch 10/94
  [global] Batch 20/94
  [global] Batch 30/94
  [global] Batch 40/94
  [global] Batch 50/94
  [global] Batch 60/94
  [global] Batch 70/94
  [global] Batch 80/94
  [global] Batch 90/94
  global: acc=0.8737, bacc=0.8737, f1=0.8652

Testing dataset: gaugan
  [no_blur] Batch 10/79
  [no_blur] Batch 20/79
  [no_blur] Batch 30/79
  [no_blur] Batch 40/79
  [no_blur] Batch 50/79
  [no_blur] Batch 60/79
  [no_blur] Batch 70/79
  no_blur: acc=0.5509, bacc=0.5509, f1=0.2218
  [global] Batch 10/79
  [global] Batch 20/79
  [global] Batch 30/79
  [global] Batch 40/79
  [global] Batch 50/79
  [global] Batch 60/79
  [global] Batch 70/79
  global: acc=0.4971, bacc=0.4971, f1=0.0682

Testing dataset: whichfaceisreal
  [no_blur] Batch 10/16
  no_blur: acc=0.6920, bacc=0.6920, f1=0.7331
  [global] Batch 10/16
  global: acc=0.6140, bacc=0.6140, f1=0.6271

Testing dataset: glide
  [no_blur] Batch 10/94
  [no_blur] Batch 20/94
  [no_blur] Batch 30/94
  [no_blur] Batch 40/94
  [no_blur] Batch 50/94
  [no_blur] Batch 60/94
  [no_blur] Batch 70/94
  [no_blur] Batch 80/94
  [no_blur] Batch 90/94
  no_blur: acc=0.7954, bacc=0.7954, f1=0.7507
  [global] Batch 10/94
  [global] Batch 20/94
  [global] Batch 30/94
  [global] Batch 40/94
  [global] Batch 50/94
  [global] Batch 60/94
  [global] Batch 70/94
  [global] Batch 80/94
  [global] Batch 90/94
  global: acc=0.6843, bacc=0.6843, f1=0.5809
Results saved to: /nas_train/app.e0016372/projects/Dino-Detect-for-blur-robust-AIGC-Detection/blur_generalization_suite/outputs/teacher_student/aimv2-large-patch14-224_sdv14_teacher_student_blur01/aigc_eval_student
