`torch_dtype` is deprecated! Use `dtype` instead!
======================================================================
TEACHER-STUDENT AIGCBENCHMARK EVALUATION
Model path: blur_generalization_suite/outputs/teacher_student/aimv2-huge-patch14-336_sdv14_teacher_student_blur01/best_student_model.pth
Branch: student
Missing keys: 237 | Unexpected keys: 0
======================================================================

Testing dataset: dalle2
  [no_blur] Batch 10/16
  no_blur: acc=0.7919, bacc=0.7920, f1=0.7410
  [global] Batch 10/16
  global: acc=0.6488, bacc=0.6490, f1=0.4861

Testing dataset: midjourney
  [no_blur] Batch 10/94
  [no_blur] Batch 20/94
  [no_blur] Batch 30/94
  [no_blur] Batch 40/94
  [no_blur] Batch 50/94
  [no_blur] Batch 60/94
  [no_blur] Batch 70/94
  [no_blur] Batch 80/94
  [no_blur] Batch 90/94
  no_blur: acc=0.7834, bacc=0.7834, f1=0.7266
  [global] Batch 10/94
  [global] Batch 20/94
  [global] Batch 30/94
  [global] Batch 40/94
  [global] Batch 50/94
  [global] Batch 60/94
  [global] Batch 70/94
  [global] Batch 80/94
  [global] Batch 90/94
  global: acc=0.7217, bacc=0.7217, f1=0.6326

Testing dataset: sd-xl
  [no_blur] Batch 10/32
  [no_blur] Batch 20/32
  [no_blur] Batch 30/32
  no_blur: acc=0.8625, bacc=0.8625, f1=0.8411
  [global] Batch 10/32
  [global] Batch 20/32
  [global] Batch 30/32
  global: acc=0.7525, bacc=0.7525, f1=0.6853

Testing dataset: wukong
  [no_blur] Batch 10/94
  [no_blur] Batch 20/94
  [no_blur] Batch 30/94
  [no_blur] Batch 40/94
  [no_blur] Batch 50/94
  [no_blur] Batch 60/94
  [no_blur] Batch 70/94
  [no_blur] Batch 80/94
  [no_blur] Batch 90/94
  no_blur: acc=0.9742, bacc=0.9743, f1=0.9738
  [global] Batch 10/94
  [global] Batch 20/94
  [global] Batch 30/94
  [global] Batch 40/94
  [global] Batch 50/94
  [global] Batch 60/94
  [global] Batch 70/94
  [global] Batch 80/94
  [global] Batch 90/94
  global: acc=0.9038, bacc=0.9038, f1=0.8979

Testing dataset: gaugan
  [no_blur] Batch 10/79
  [no_blur] Batch 20/79
  [no_blur] Batch 30/79
  [no_blur] Batch 40/79
  [no_blur] Batch 50/79
  [no_blur] Batch 60/79
  [no_blur] Batch 70/79
  no_blur: acc=0.6800, bacc=0.6800, f1=0.5462
  [global] Batch 10/79
  [global] Batch 20/79
  [global] Batch 30/79
  [global] Batch 40/79
  [global] Batch 50/79
  [global] Batch 60/79
  [global] Batch 70/79
  global: acc=0.5823, bacc=0.5823, f1=0.3331

Testing dataset: whichfaceisreal
  [no_blur] Batch 10/16
  no_blur: acc=0.7385, bacc=0.7385, f1=0.7829
  [global] Batch 10/16
  global: acc=0.6735, bacc=0.6735, f1=0.7169

Testing dataset: glide
  [no_blur] Batch 10/94
  [no_blur] Batch 20/94
  [no_blur] Batch 30/94
  [no_blur] Batch 40/94
  [no_blur] Batch 50/94
  [no_blur] Batch 60/94
  [no_blur] Batch 70/94
  [no_blur] Batch 80/94
  [no_blur] Batch 90/94
  no_blur: acc=0.8835, bacc=0.8835, f1=0.8691
  [global] Batch 10/94
  [global] Batch 20/94
  [global] Batch 30/94
  [global] Batch 40/94
  [global] Batch 50/94
  [global] Batch 60/94
  [global] Batch 70/94
  [global] Batch 80/94
  [global] Batch 90/94
  global: acc=0.7362, bacc=0.7363, f1=0.6604
Results saved to: /nas_train/app.e0016372/projects/Dino-Detect-for-blur-robust-AIGC-Detection/blur_generalization_suite/outputs/teacher_student/aimv2-huge-patch14-336_sdv14_teacher_student_blur01/aigc_eval_student
