`torch_dtype` is deprecated! Use `dtype` instead!
======================================================================
TEACHER-STUDENT AIGCBENCHMARK EVALUATION
Model path: blur_generalization_suite/outputs/teacher_student/aimv2-huge-patch14-336_sdv14_teacher_student_blur01/best_teacher_model.pth
Branch: teacher
Missing keys: 231 | Unexpected keys: 0
======================================================================

Testing dataset: cyclegan
  [no_blur] Batch 10/21
  [no_blur] Batch 20/21
  no_blur: acc=0.6540, bacc=0.6540, f1=0.4836
  [global] Batch 10/21
  [global] Batch 20/21
  global: acc=0.6397, bacc=0.6397, f1=0.4984

Testing dataset: progan
  [no_blur] Batch 10/63
  [no_blur] Batch 20/63
  [no_blur] Batch 30/63
  [no_blur] Batch 40/63
  [no_blur] Batch 50/63
  [no_blur] Batch 60/63
  no_blur: acc=0.9008, bacc=0.9007, f1=0.9037
  [global] Batch 10/63
  [global] Batch 20/63
  [global] Batch 30/63
  [global] Batch 40/63
  [global] Batch 50/63
  [global] Batch 60/63
  global: acc=0.8345, bacc=0.8345, f1=0.8311

Testing dataset: stylegan2
  [no_blur] Batch 10/125
  [no_blur] Batch 20/125
  [no_blur] Batch 30/125
  [no_blur] Batch 40/125
  [no_blur] Batch 50/125
  [no_blur] Batch 60/125
  [no_blur] Batch 70/125
  [no_blur] Batch 80/125
  [no_blur] Batch 90/125
  [no_blur] Batch 100/125
  [no_blur] Batch 110/125
  [no_blur] Batch 120/125
  no_blur: acc=0.8409, bacc=0.8409, f1=0.8292
  [global] Batch 10/125
  [global] Batch 20/125
  [global] Batch 30/125
  [global] Batch 40/125
  [global] Batch 50/125
  [global] Batch 60/125
  [global] Batch 70/125
  [global] Batch 80/125
  [global] Batch 90/125
  [global] Batch 100/125
  [global] Batch 110/125
  [global] Batch 120/125
  global: acc=0.6643, bacc=0.6643, f1=0.5665

Testing dataset: stylegan
  [no_blur] Batch 10/94
  [no_blur] Batch 20/94
  [no_blur] Batch 30/94
  [no_blur] Batch 40/94
  [no_blur] Batch 50/94
  [no_blur] Batch 60/94
  [no_blur] Batch 70/94
  [no_blur] Batch 80/94
  [no_blur] Batch 90/94
  no_blur: acc=0.8390, bacc=0.8390, f1=0.8256
  [global] Batch 10/94
  [global] Batch 20/94
  [global] Batch 30/94
  [global] Batch 40/94
  [global] Batch 50/94
  [global] Batch 60/94
  [global] Batch 70/94
  [global] Batch 80/94
  [global] Batch 90/94
  global: acc=0.6849, bacc=0.6849, f1=0.6088

Testing dataset: adm
  [no_blur] Batch 10/94
  [no_blur] Batch 20/94
  [no_blur] Batch 30/94
  [no_blur] Batch 40/94
  [no_blur] Batch 50/94
  [no_blur] Batch 60/94
  [no_blur] Batch 70/94
  [no_blur] Batch 80/94
  [no_blur] Batch 90/94
  no_blur: acc=0.7264, bacc=0.7264, f1=0.6284
  [global] Batch 10/94
  [global] Batch 20/94
  [global] Batch 30/94
  [global] Batch 40/94
  [global] Batch 50/94
  [global] Batch 60/94
  [global] Batch 70/94
  [global] Batch 80/94
  [global] Batch 90/94
  global: acc=0.6300, bacc=0.6300, f1=0.4394

Testing dataset: vqdm
  [no_blur] Batch 10/94
  [no_blur] Batch 20/94
  [no_blur] Batch 30/94
  [no_blur] Batch 40/94
  [no_blur] Batch 50/94
  [no_blur] Batch 60/94
  [no_blur] Batch 70/94
  [no_blur] Batch 80/94
  [no_blur] Batch 90/94
  no_blur: acc=0.8352, bacc=0.8352, f1=0.8038
  [global] Batch 10/94
  [global] Batch 20/94
  [global] Batch 30/94
  [global] Batch 40/94
  [global] Batch 50/94
  [global] Batch 60/94
  [global] Batch 70/94
  [global] Batch 80/94
  [global] Batch 90/94
  global: acc=0.7107, bacc=0.7107, f1=0.6093

Testing dataset: sdv14
  [no_blur] Batch 10/94
  [no_blur] Batch 20/94
  [no_blur] Batch 30/94
  [no_blur] Batch 40/94
  [no_blur] Batch 50/94
  [no_blur] Batch 60/94
  [no_blur] Batch 70/94
  [no_blur] Batch 80/94
  [no_blur] Batch 90/94
  no_blur: acc=0.9968, bacc=0.9968, f1=0.9968
  [global] Batch 10/94
  [global] Batch 20/94
  [global] Batch 30/94
  [global] Batch 40/94
  [global] Batch 50/94
  [global] Batch 60/94
  [global] Batch 70/94
  [global] Batch 80/94
  [global] Batch 90/94
  global: acc=0.9086, bacc=0.9086, f1=0.9023

Testing dataset: sdv15
  [no_blur] Batch 10/125
  [no_blur] Batch 20/125
  [no_blur] Batch 30/125
  [no_blur] Batch 40/125
  [no_blur] Batch 50/125
  [no_blur] Batch 60/125
  [no_blur] Batch 70/125
  [no_blur] Batch 80/125
  [no_blur] Batch 90/125
  [no_blur] Batch 100/125
  [no_blur] Batch 110/125
  [no_blur] Batch 120/125
  no_blur: acc=0.9934, bacc=0.9934, f1=0.9934
  [global] Batch 10/125
  [global] Batch 20/125
  [global] Batch 30/125
  [global] Batch 40/125
  [global] Batch 50/125
  [global] Batch 60/125
  [global] Batch 70/125
  [global] Batch 80/125
  [global] Batch 90/125
  [global] Batch 100/125
  [global] Batch 110/125
  [global] Batch 120/125
  global: acc=0.8994, bacc=0.8994, f1=0.8923

Testing dataset: stargan
  [no_blur] Batch 10/32
  [no_blur] Batch 20/32
  [no_blur] Batch 30/32
  no_blur: acc=0.6501, bacc=0.6501, f1=0.5988
  [global] Batch 10/32
  [global] Batch 20/32
  [global] Batch 30/32
  global: acc=0.6316, bacc=0.6316, f1=0.6137

Testing dataset: wukong
  [no_blur] Batch 10/94
  [no_blur] Batch 20/94
  [no_blur] Batch 30/94
  [no_blur] Batch 40/94
  [no_blur] Batch 50/94
  [no_blur] Batch 60/94
  [no_blur] Batch 70/94
  [no_blur] Batch 80/94
  [no_blur] Batch 90/94
  no_blur: acc=0.9723, bacc=0.9723, f1=0.9718
  [global] Batch 10/94
  [global] Batch 20/94
  [global] Batch 30/94
  [global] Batch 40/94
  [global] Batch 50/94
  [global] Batch 60/94
  [global] Batch 70/94
  [global] Batch 80/94
  [global] Batch 90/94
  global: acc=0.8363, bacc=0.8362, f1=0.8107

Testing dataset: dalle2
  [no_blur] Batch 10/16
  no_blur: acc=0.8044, bacc=0.8045, f1=0.7588
  [global] Batch 10/16
  global: acc=0.6188, bacc=0.6190, f1=0.4129

Testing dataset: midjourney
  [no_blur] Batch 10/94
  [no_blur] Batch 20/94
  [no_blur] Batch 30/94
  [no_blur] Batch 40/94
  [no_blur] Batch 50/94
  [no_blur] Batch 60/94
  [no_blur] Batch 70/94
  [no_blur] Batch 80/94
  [no_blur] Batch 90/94
  no_blur: acc=0.7895, bacc=0.7895, f1=0.7364
  [global] Batch 10/94
  [global] Batch 20/94
  [global] Batch 30/94
  [global] Batch 40/94
  [global] Batch 50/94
  [global] Batch 60/94
  [global] Batch 70/94
  [global] Batch 80/94
  [global] Batch 90/94
  global: acc=0.6368, bacc=0.6368, f1=0.4552

Testing dataset: biggan
  [no_blur] Batch 10/32
  [no_blur] Batch 20/32
  [no_blur] Batch 30/32
  no_blur: acc=0.7953, bacc=0.7953, f1=0.7537
  [global] Batch 10/32
  [global] Batch 20/32
  [global] Batch 30/32
  global: acc=0.6755, bacc=0.6755, f1=0.5481

Testing dataset: sd-xl
  [no_blur] Batch 10/32
  [no_blur] Batch 20/32
  [no_blur] Batch 30/32
  no_blur: acc=0.8700, bacc=0.8700, f1=0.8510
  [global] Batch 10/32
  [global] Batch 20/32
  [global] Batch 30/32
  global: acc=0.7170, bacc=0.7170, f1=0.6178

Testing dataset: gaugan
  [no_blur] Batch 10/79
  [no_blur] Batch 20/79
  [no_blur] Batch 30/79
  [no_blur] Batch 40/79
  [no_blur] Batch 50/79
  [no_blur] Batch 60/79
  [no_blur] Batch 70/79
  no_blur: acc=0.7951, bacc=0.7951, f1=0.7513
  [global] Batch 10/79
  [global] Batch 20/79
  [global] Batch 30/79
  [global] Batch 40/79
  [global] Batch 50/79
  [global] Batch 60/79
  [global] Batch 70/79
  global: acc=0.7066, bacc=0.7066, f1=0.6127

Testing dataset: whichfaceisreal
  [no_blur] Batch 10/16
  no_blur: acc=0.7750, bacc=0.7750, f1=0.8043
  [global] Batch 10/16
  global: acc=0.7015, bacc=0.7015, f1=0.7230

Testing dataset: glide
  [no_blur] Batch 10/94
  [no_blur] Batch 20/94
  [no_blur] Batch 30/94
  [no_blur] Batch 40/94
  [no_blur] Batch 50/94
  [no_blur] Batch 60/94
  [no_blur] Batch 70/94
  [no_blur] Batch 80/94
  [no_blur] Batch 90/94
  no_blur: acc=0.8798, bacc=0.8798, f1=0.8645
  [global] Batch 10/94
  [global] Batch 20/94
  [global] Batch 30/94
  [global] Batch 40/94
  [global] Batch 50/94
  [global] Batch 60/94
  [global] Batch 70/94
  [global] Batch 80/94
  [global] Batch 90/94
  global: acc=0.7179, bacc=0.7179, f1=0.6231

Testing dataset: own_benchmark
  [no_blur] Batch 10/33
  [no_blur] Batch 20/33
  [no_blur] Batch 30/33
  no_blur: acc=0.7260, bacc=0.8049, f1=0.7713
  [global] Batch 10/33
  [global] Batch 20/33
  [global] Batch 30/33
  global: acc=0.5616, bacc=0.6163, f1=0.6233
Results saved to: /nas_train/app.e0016372/projects/Dino-Detect-for-blur-robust-AIGC-Detection/blur_generalization_suite/outputs/teacher_student/aimv2-huge-patch14-336_sdv14_teacher_student_blur01/aigc_eval_teacher
