`torch_dtype` is deprecated! Use `dtype` instead!
======================================================================
TEACHER-STUDENT AIGCBENCHMARK EVALUATION
Model path: blur_generalization_suite/outputs/teacher_student/siglip2-large-patch16-256_sdv14_teacher_student_blur01/best_teacher_model.pth
Branch: teacher
Missing keys: 410 | Unexpected keys: 0
======================================================================

Testing dataset: cyclegan
  [no_blur] Batch 10/21
  [no_blur] Batch 20/21
  no_blur: acc=0.6321, bacc=0.6321, f1=0.4521
  [global] Batch 10/21
  [global] Batch 20/21
  global: acc=0.6105, bacc=0.6105, f1=0.4069

Testing dataset: progan
  [no_blur] Batch 10/63
  [no_blur] Batch 20/63
  [no_blur] Batch 30/63
  [no_blur] Batch 40/63
  [no_blur] Batch 50/63
  [no_blur] Batch 60/63
  no_blur: acc=0.7665, bacc=0.7665, f1=0.7278
  [global] Batch 10/63
  [global] Batch 20/63
  [global] Batch 30/63
  [global] Batch 40/63
  [global] Batch 50/63
  [global] Batch 60/63
  global: acc=0.6275, bacc=0.6275, f1=0.4821

Testing dataset: stylegan2
  [no_blur] Batch 10/125
  [no_blur] Batch 20/125
  [no_blur] Batch 30/125
  [no_blur] Batch 40/125
  [no_blur] Batch 50/125
  [no_blur] Batch 60/125
  [no_blur] Batch 70/125
  [no_blur] Batch 80/125
  [no_blur] Batch 90/125
  [no_blur] Batch 100/125
  [no_blur] Batch 110/125
  [no_blur] Batch 120/125
  no_blur: acc=0.6425, bacc=0.6425, f1=0.4920
  [global] Batch 10/125
  [global] Batch 20/125
  [global] Batch 30/125
  [global] Batch 40/125
  [global] Batch 50/125
  [global] Batch 60/125
  [global] Batch 70/125
  [global] Batch 80/125
  [global] Batch 90/125
  [global] Batch 100/125
  [global] Batch 110/125
  [global] Batch 120/125
  global: acc=0.5597, bacc=0.5597, f1=0.3086

Testing dataset: stylegan
  [no_blur] Batch 10/94
  [no_blur] Batch 20/94
  [no_blur] Batch 30/94
  [no_blur] Batch 40/94
  [no_blur] Batch 50/94
  [no_blur] Batch 60/94
  [no_blur] Batch 70/94
  [no_blur] Batch 80/94
  [no_blur] Batch 90/94
  no_blur: acc=0.5736, bacc=0.5736, f1=0.3236
  [global] Batch 10/94
  [global] Batch 20/94
  [global] Batch 30/94
  [global] Batch 40/94
  [global] Batch 50/94
  [global] Batch 60/94
  [global] Batch 70/94
  [global] Batch 80/94
  [global] Batch 90/94
  global: acc=0.5345, bacc=0.5345, f1=0.2468

Testing dataset: adm
  [no_blur] Batch 10/94
  [no_blur] Batch 20/94
  [no_blur] Batch 30/94
  [no_blur] Batch 40/94
  [no_blur] Batch 50/94
  [no_blur] Batch 60/94
  [no_blur] Batch 70/94
  [no_blur] Batch 80/94
  [no_blur] Batch 90/94
  no_blur: acc=0.5447, bacc=0.5447, f1=0.1749
  [global] Batch 10/94
  [global] Batch 20/94
  [global] Batch 30/94
  [global] Batch 40/94
  [global] Batch 50/94
  [global] Batch 60/94
  [global] Batch 70/94
  [global] Batch 80/94
  [global] Batch 90/94
  global: acc=0.5272, bacc=0.5272, f1=0.1569

Testing dataset: vqdm
  [no_blur] Batch 10/94
  [no_blur] Batch 20/94
  [no_blur] Batch 30/94
  [no_blur] Batch 40/94
  [no_blur] Batch 50/94
  [no_blur] Batch 60/94
  [no_blur] Batch 70/94
  [no_blur] Batch 80/94
  [no_blur] Batch 90/94
  no_blur: acc=0.5978, bacc=0.5978, f1=0.3334
  [global] Batch 10/94
  [global] Batch 20/94
  [global] Batch 30/94
  [global] Batch 40/94
  [global] Batch 50/94
  [global] Batch 60/94
  [global] Batch 70/94
  [global] Batch 80/94
  [global] Batch 90/94
  global: acc=0.5533, bacc=0.5533, f1=0.2375

Testing dataset: sdv14
  [no_blur] Batch 10/94
  [no_blur] Batch 20/94
  [no_blur] Batch 30/94
  [no_blur] Batch 40/94
  [no_blur] Batch 50/94
  [no_blur] Batch 60/94
  [no_blur] Batch 70/94
  [no_blur] Batch 80/94
  [no_blur] Batch 90/94
  no_blur: acc=0.9953, bacc=0.9953, f1=0.9953
  [global] Batch 10/94
  [global] Batch 20/94
  [global] Batch 30/94
  [global] Batch 40/94
  [global] Batch 50/94
  [global] Batch 60/94
  [global] Batch 70/94
  [global] Batch 80/94
  [global] Batch 90/94
  global: acc=0.8328, bacc=0.8328, f1=0.8072

Testing dataset: sdv15
  [no_blur] Batch 10/125
  [no_blur] Batch 20/125
  [no_blur] Batch 30/125
  [no_blur] Batch 40/125
  [no_blur] Batch 50/125
  [no_blur] Batch 60/125
  [no_blur] Batch 70/125
  [no_blur] Batch 80/125
  [no_blur] Batch 90/125
  [no_blur] Batch 100/125
  [no_blur] Batch 110/125
  [no_blur] Batch 120/125
  no_blur: acc=0.9922, bacc=0.9922, f1=0.9922
  [global] Batch 10/125
  [global] Batch 20/125
  [global] Batch 30/125
  [global] Batch 40/125
  [global] Batch 50/125
  [global] Batch 60/125
  [global] Batch 70/125
  [global] Batch 80/125
  [global] Batch 90/125
  [global] Batch 100/125
  [global] Batch 110/125
  [global] Batch 120/125
  global: acc=0.8271, bacc=0.8271, f1=0.7994

Testing dataset: stargan
  [no_blur] Batch 10/32
  [no_blur] Batch 20/32
  [no_blur] Batch 30/32
  no_blur: acc=0.5570, bacc=0.5570, f1=0.2174
  [global] Batch 10/32
  [global] Batch 20/32
  [global] Batch 30/32
  global: acc=0.4967, bacc=0.4967, f1=0.1380

Testing dataset: wukong
  [no_blur] Batch 10/94
  [no_blur] Batch 20/94
  [no_blur] Batch 30/94
  [no_blur] Batch 40/94
  [no_blur] Batch 50/94
  [no_blur] Batch 60/94
  [no_blur] Batch 70/94
  [no_blur] Batch 80/94
  [no_blur] Batch 90/94
  no_blur: acc=0.9645, bacc=0.9645, f1=0.9634
  [global] Batch 10/94
  [global] Batch 20/94
  [global] Batch 30/94
  [global] Batch 40/94
  [global] Batch 50/94
  [global] Batch 60/94
  [global] Batch 70/94
  [global] Batch 80/94
  [global] Batch 90/94
  global: acc=0.7570, bacc=0.7570, f1=0.6942

Testing dataset: dalle2
  [no_blur] Batch 10/16
  no_blur: acc=0.6973, bacc=0.6975, f1=0.5718
  [global] Batch 10/16
  global: acc=0.5263, bacc=0.5265, f1=0.1367

Testing dataset: midjourney
  [no_blur] Batch 10/94
  [no_blur] Batch 20/94
  [no_blur] Batch 30/94
  [no_blur] Batch 40/94
  [no_blur] Batch 50/94
  [no_blur] Batch 60/94
  [no_blur] Batch 70/94
  [no_blur] Batch 80/94
  [no_blur] Batch 90/94
  no_blur: acc=0.8144, bacc=0.8144, f1=0.7736
  [global] Batch 10/94
  [global] Batch 20/94
  [global] Batch 30/94
  [global] Batch 40/94
  [global] Batch 50/94
  [global] Batch 60/94
  [global] Batch 70/94
  [global] Batch 80/94
  [global] Batch 90/94
  global: acc=0.5992, bacc=0.5992, f1=0.3672

Testing dataset: biggan
  [no_blur] Batch 10/32
  [no_blur] Batch 20/32
  [no_blur] Batch 30/32
  no_blur: acc=0.5650, bacc=0.5650, f1=0.2596
  [global] Batch 10/32
  [global] Batch 20/32
  [global] Batch 30/32
  global: acc=0.5130, bacc=0.5130, f1=0.1145

Testing dataset: sd-xl
  [no_blur] Batch 10/32
  [no_blur] Batch 20/32
  [no_blur] Batch 30/32
  no_blur: acc=0.8140, bacc=0.8140, f1=0.7729
  [global] Batch 10/32
  [global] Batch 20/32
  [global] Batch 30/32
  global: acc=0.5600, bacc=0.5600, f1=0.2368

Testing dataset: gaugan
  [no_blur] Batch 10/79
  [no_blur] Batch 20/79
  [no_blur] Batch 30/79
  [no_blur] Batch 40/79
  [no_blur] Batch 50/79
  [no_blur] Batch 60/79
  [no_blur] Batch 70/79
  no_blur: acc=0.5416, bacc=0.5416, f1=0.1632
  [global] Batch 10/79
  [global] Batch 20/79
  [global] Batch 30/79
  [global] Batch 40/79
  [global] Batch 50/79
  [global] Batch 60/79
  [global] Batch 70/79
  global: acc=0.5253, bacc=0.5253, f1=0.1317

Testing dataset: whichfaceisreal
  [no_blur] Batch 10/16
  no_blur: acc=0.6155, bacc=0.6155, f1=0.6477
  [global] Batch 10/16
  global: acc=0.5530, bacc=0.5530, f1=0.4710

Testing dataset: glide
  [no_blur] Batch 10/94
  [no_blur] Batch 20/94
  [no_blur] Batch 30/94
  [no_blur] Batch 40/94
  [no_blur] Batch 50/94
  [no_blur] Batch 60/94
  [no_blur] Batch 70/94
  [no_blur] Batch 80/94
  [no_blur] Batch 90/94
  no_blur: acc=0.8823, bacc=0.8823, f1=0.8679
  [global] Batch 10/94
  [global] Batch 20/94
  [global] Batch 30/94
  [global] Batch 40/94
  [global] Batch 50/94
  [global] Batch 60/94
  [global] Batch 70/94
  [global] Batch 80/94
  [global] Batch 90/94
  global: acc=0.7281, bacc=0.7281, f1=0.6451

Testing dataset: own_benchmark
  [no_blur] Batch 10/33
  [no_blur] Batch 20/33
  [no_blur] Batch 30/33
  no_blur: acc=0.7440, bacc=0.6614, f1=0.8275
  [global] Batch 10/33
  [global] Batch 20/33
  [global] Batch 30/33
  global: acc=0.5260, bacc=0.5474, f1=0.6066
Results saved to: /nas_train/app.e0016372/projects/Dino-Detect-for-blur-robust-AIGC-Detection/blur_generalization_suite/outputs/teacher_student/siglip2-large-patch16-256_sdv14_teacher_student_blur01/aigc_eval_teacher
